..........
c.......c.
..Lr......
.....t..Lr
.c...m....
.W.c.m..t.
.t...b..b.
.m........
.b..lmr...
..........
