t.t.c..c..
M.b.......
m.........
b.c.....t.
........b.
...t.c....
...m.....t
t..M.....m
b........b
..........
