.T....c...
.m....W...
.m..c.t...
.b....b..c
..........
lmr..c....
.......lr.
lr........
.......lmr
..........
